sample_argument
YES
sample_argument
YES
args.bg.out: warning!
chicken
chicken
0
