?
?
?
?
?
100
101
102
103
SIGSEGV segmentation fault
1
