?
?
?
?
?
?
?
?
?
100
101
102
103
104
?
?
?
SIGSEGV segmentation fault
1
